// Jest Snapshot v1, https://goo.gl/fbAQLP

exports[`Matches Snapshot 1`] = `
<DocumentFragment>
  <div
    class="App"
  >
    <header
      class="App-header"
    >
      <div>
        <h2>
          Cart!
        </h2>
        <h4>
          FYI, there are 0 items in your cart right now!
        </h4>
        <div>
          Get Shopping!
        </div>
      </div>
      <div>
        <h1>
          HELLO, HERE IS OUR INVENTORY!
        </h1>
        <ul>
          <div
            id="47314fa1-ae56-4eae-80be-af6691145951"
          >
            <img
              alt="tv"
              height="200px"
              src="https://images.samsung.com/is/image/samsung/latin_en-hd-j4300ah-un32j4300ahxpa-001-front-indigo-blue"
            />
            <h4>
              tv - $219.99
            </h4>
            <p>
              A beautiful, big-screen TV. Because hey, Netflix isn't going to watch itself.
            </p>
            <div />
            <button>
              Add One To Cart
            </button>
            <button>
              Remove One From Cart
            </button>
          </div>
          <div
            id="3fdd689a-02cc-4ae7-903b-f6d2776ff3b9"
          >
            <img
              alt="microwave"
              height="200px"
              src="https://target.scene7.com/is/image/Target/GUEST_c59b9457-3ee1-463b-ad0a-42f48d06c140"
            />
            <h4>
              microwave - $100
            </h4>
            <p>
              Heat your food with the power of SCIENCE!
            </p>
            <div />
            <button>
              Add One To Cart
            </button>
            <button>
              Remove One From Cart
            </button>
          </div>
          <div
            id="b04b779c-1cfb-48a7-8424-25a8c7e608ae"
          >
            <img
              alt="toaster oven"
              height="200px"
              src="https://images-na.ssl-images-amazon.com/images/I/81110bb7g2L._SL1500_.jpg"
            />
            <h4>
              toaster oven - $20.49
            </h4>
            <p>
              Tasty bread not included.
            </p>
            <div />
            <button>
              Add One To Cart
            </button>
            <button>
              Remove One From Cart
            </button>
          </div>
          <div
            id="4260bf52-218a-480e-87ea-4ff42470ce98"
          >
            <img
              alt="chair"
              height="200px"
              src="https://www.ikea.com/PIAimages/0355482_PE547815_S5.JPG"
            />
            <h4>
              chair - $100.89
            </h4>
            <p>
              It's a chair. You can sit in it.
            </p>
            <div />
            <button>
              Add One To Cart
            </button>
            <button>
              Remove One From Cart
            </button>
          </div>
          <div
            id="6a56c22f-2a85-4751-98a9-14e280fcecd8"
          >
            <img
              alt="mirror"
              height="200px"
              src="https://target.scene7.com/is/image/Target/GUEST_703892ef-2db0-4e02-b9c8-685e4a5c37a0"
            />
            <h4>
              mirror - $20.99
            </h4>
            <p>
              Mirror mirror on the wall, who has the greatest mirror of them all? YOU WILL, if you buy this.
            </p>
            <div />
            <button>
              Add One To Cart
            </button>
            <button>
              Remove One From Cart
            </button>
          </div>
          <div
            id="2266b2d6-3d71-4356-8065-392f1fceab07"
          >
            <img
              alt="phone"
              height="200px"
              src="https://images-na.ssl-images-amazon.com/images/I/717DO5Q-aCL._SY879_.jpg"
            />
            <h4>
              phone - $399.99
            </h4>
            <p>
              Because there are absolutely no downsides that come with easier access to social media.
            </p>
            <div />
            <button>
              Add One To Cart
            </button>
            <button>
              Remove One From Cart
            </button>
          </div>
        </ul>
      </div>
    </header>
  </div>
</DocumentFragment>
`;
